20:07:38.262 [main] INFO  testCases.TC03_LoginDDP - ***** Finished TC02 *****
20:07:38.274 [main] INFO  testCases.TC03_LoginDDP - ***** Starting TC02 *****
20:07:38.275 [main] INFO  testCases.TC03_LoginDDP - At Home Page...
20:07:49.362 [main] INFO  testCases.TC03_LoginDDP - ***** Finished TC02 *****
20:07:49.364 [main] INFO  testCases.TC03_LoginDDP - ***** Starting TC02 *****
20:07:49.364 [main] INFO  testCases.TC03_LoginDDP - At Home Page...
20:07:59.950 [main] INFO  testCases.TC03_LoginDDP - ***** Finished TC02 *****
20:08:00.069 [main] INFO  testCases.TC03_LoginDDP - ***** Starting TC02 *****
20:08:00.070 [main] INFO  testCases.TC03_LoginDDP - At Home Page...
20:08:01.669 [main] INFO  testCases.TC03_LoginDDP - ***** Finished TC02 *****
23:07:46.757 [main] INFO  testCases.TC03_LoginDDP - ***** Starting TC02 *****
23:07:46.762 [main] INFO  testCases.TC03_LoginDDP - At Home Page...
23:07:48.788 [main] INFO  testCases.TC03_LoginDDP - ***** Finished TC02 *****
23:07:48.801 [main] INFO  testCases.TC03_LoginDDP - ***** Starting TC02 *****
23:07:48.801 [main] INFO  testCases.TC03_LoginDDP - At Home Page...
23:08:00.179 [main] INFO  testCases.TC03_LoginDDP - ***** Finished TC02 *****
23:08:00.182 [main] INFO  testCases.TC03_LoginDDP - ***** Starting TC02 *****
23:08:00.182 [main] INFO  testCases.TC03_LoginDDP - At Home Page...
23:08:11.837 [main] INFO  testCases.TC03_LoginDDP - ***** Finished TC02 *****
23:08:11.951 [main] INFO  testCases.TC03_LoginDDP - ***** Starting TC02 *****
23:08:11.951 [main] INFO  testCases.TC03_LoginDDP - At Home Page...
23:08:13.975 [main] INFO  testCases.TC03_LoginDDP - ***** Finished TC02 *****
23:20:23.358 [main] INFO  testCases.TC01_Registration - ***** Starting TC01 *****
23:20:23.360 [main] INFO  testCases.TC01_Registration - At Home Page...
23:20:24.056 [main] INFO  testCases.TC01_Registration - Starting Registration process...
23:20:27.357 [main] INFO  testCases.TC01_Registration - Validating message...
23:20:27.390 [main] INFO  testCases.TC01_Registration - Your Account Has Been Created!
23:20:27.393 [main] INFO  testCases.TC01_Registration - ***** Finished Execution TC01 *****
23:20:29.503 [main] INFO  testCases.TC02_Login - ***** Starting TC02 *****
23:20:29.503 [main] INFO  testCases.TC02_Login - At Home Page...
23:21:28.711 [main] INFO  testCases.TC02_Login - ***** Starting TC02 *****
23:21:28.715 [main] INFO  testCases.TC02_Login - At Home Page...
23:21:30.891 [main] INFO  testCases.TC02_Login - ***** Finished TC02 *****
14:59:42.578 [main] INFO  testCases.TC01_Registration - ***** Starting TC01 *****
14:59:42.581 [main] INFO  testCases.TC01_Registration - At Home Page...
14:59:43.050 [main] INFO  testCases.TC01_Registration - Starting Registration process...
14:59:44.627 [main] INFO  testCases.TC01_Registration - Validating message...
14:59:44.659 [main] INFO  testCases.TC01_Registration - Your Account Has Been Created!
14:59:44.661 [main] INFO  testCases.TC01_Registration - ***** Finished Execution TC01 *****
14:59:46.793 [main] INFO  testCases.TC02_Login - ***** Starting TC02 *****
14:59:46.793 [main] INFO  testCases.TC02_Login - At Home Page...
14:59:48.721 [main] INFO  testCases.TC02_Login - ***** Finished TC02 *****
15:15:49.094 [main] INFO  testCases.TC01_Registration - ***** Starting TC01 *****
15:15:49.095 [main] INFO  testCases.TC01_Registration - At Home Page...
15:15:49.555 [main] INFO  testCases.TC01_Registration - Starting Registration process...
15:15:51.863 [main] INFO  testCases.TC01_Registration - Validating message...
15:15:51.899 [main] INFO  testCases.TC01_Registration - Your Account Has Been Created!
15:15:51.901 [main] INFO  testCases.TC01_Registration - ***** Finished Execution TC01 *****
15:15:54.059 [main] INFO  testCases.TC02_Login - ***** Starting TC02 *****
15:15:54.059 [main] INFO  testCases.TC02_Login - At Home Page...
15:15:56.183 [main] INFO  testCases.TC02_Login - ***** Finished TC02 *****
16:10:37.531 [main] INFO  testCases.TC01_Registration - ***** Starting TC01 *****
16:10:37.533 [main] INFO  testCases.TC01_Registration - At Home Page...
16:10:37.970 [main] INFO  testCases.TC01_Registration - Starting Registration process...
16:10:40.202 [main] INFO  testCases.TC01_Registration - Validating message...
16:10:40.233 [main] INFO  testCases.TC01_Registration - Your Account Has Been Created!
16:10:40.235 [main] INFO  testCases.TC01_Registration - ***** Finished Execution TC01 *****
16:10:42.386 [main] INFO  testCases.TC02_Login - ***** Starting TC02 *****
16:10:42.386 [main] INFO  testCases.TC02_Login - At Home Page...
16:10:44.487 [main] INFO  testCases.TC02_Login - ***** Finished TC02 *****
16:16:05.739 [main] INFO  testCases.TC01_Registration - ***** Starting TC01 *****
16:16:05.741 [main] INFO  testCases.TC01_Registration - At Home Page...
16:16:06.186 [main] INFO  testCases.TC01_Registration - Starting Registration process...
16:16:06.845 [main] INFO  testCases.TC01_Registration - Validating message...
16:16:08.330 [main] INFO  testCases.TC01_Registration - Your Account Has Been Created!
16:16:08.332 [main] INFO  testCases.TC01_Registration - ***** Finished Execution TC01 *****
16:16:10.305 [main] INFO  testCases.TC02_Login - ***** Starting TC02 *****
16:16:10.305 [main] INFO  testCases.TC02_Login - At Home Page...
16:16:12.185 [main] INFO  testCases.TC02_Login - ***** Finished TC02 *****
11:13:54.408 [main] INFO  testCases.TC01_Registration - ***** Starting TC01 *****
11:13:54.408 [main] INFO  testCases.TC01_Registration - At Home Page...
11:13:54.857 [main] INFO  testCases.TC01_Registration - Starting Registration process...
11:13:56.502 [main] INFO  testCases.TC01_Registration - Validating message...
11:13:56.521 [main] INFO  testCases.TC01_Registration - Your Account Has Been Created!
11:13:56.537 [main] INFO  testCases.TC01_Registration - ***** Finished Execution TC01 *****
11:13:58.453 [main] INFO  testCases.TC02_Login - ***** Starting TC02 *****
11:13:58.456 [main] INFO  testCases.TC02_Login - At Home Page...
11:14:00.447 [main] INFO  testCases.TC02_Login - ***** Finished TC02 *****
12:24:26.795 [main] INFO  testCases.TC01_Registration - ***** Starting TC01 *****
12:24:26.802 [main] INFO  testCases.TC01_Registration - At Home Page...
12:24:27.345 [main] INFO  testCases.TC01_Registration - Starting Registration process...
12:24:29.433 [main] INFO  testCases.TC01_Registration - Validating message...
12:24:29.462 [main] INFO  testCases.TC01_Registration - Your Account Has Been Created!
12:24:29.464 [main] INFO  testCases.TC01_Registration - ***** Finished Execution TC01 *****
12:24:31.562 [main] INFO  testCases.TC02_Login - ***** Starting TC02 *****
12:24:31.562 [main] INFO  testCases.TC02_Login - At Home Page...
12:24:33.611 [main] INFO  testCases.TC02_Login - ***** Finished TC02 *****
12:34:03.619 [main] INFO  testCases.TC01_Registration - ***** Starting TC01 *****
12:34:03.619 [main] INFO  testCases.TC01_Registration - At Home Page...
12:34:03.820 [main] ERROR testCases.TC01_Registration - Test Failed...
12:34:06.722 [main] INFO  testCases.TC02_Login - ***** Starting TC02 *****
12:34:06.722 [main] INFO  testCases.TC02_Login - At Home Page...
12:34:06.889 [main] ERROR testCases.TC02_Login - Test Failed...
12:41:54.617 [main] INFO  testCases.TC02_Login - ***** Starting TC02 *****
12:41:54.619 [main] INFO  testCases.TC02_Login - At Home Page...
12:41:54.783 [main] ERROR testCases.TC02_Login - Test Failed...
12:44:42.953 [main] INFO  testCases.TC02_Login - ***** Starting TC02 *****
12:44:42.953 [main] INFO  testCases.TC02_Login - At Home Page...
12:44:43.148 [main] INFO  utilities.WebDriverActions - ✓ Clicked on WebElement: My Account
12:44:44.868 [main] INFO  testCases.TC02_Login - ***** Finished TC02 *****
12:47:18.011 [main] INFO  testCases.TC02_Login - ***** Starting TC02 *****
12:47:18.015 [main] INFO  testCases.TC02_Login - At Home Page...
12:47:18.229 [main] INFO  utilities.WebDriverActions - ✓ Clicked on WebElement: My Account
12:47:19.963 [main] INFO  testCases.TC02_Login - ***** Finished TC02 *****
14:54:39.559 [main] INFO  testCases.TC02_Login - ***** Starting TC02 *****
14:54:39.559 [main] INFO  testCases.TC02_Login - At Home Page...
14:54:39.788 [main] INFO  utilities.WebDriverActions - ✓ Clicked on WebElement: My Account
14:54:50.398 [main] WARN  utilities.RetryAnalyzer - 🔄 RETRY ATTEMPT #1: verifyAccountLogin
14:54:50.398 [main] INFO  testCases.TC02_Login - ***** Starting TC02 *****
14:54:50.398 [main] INFO  testCases.TC02_Login - At Home Page...
14:54:50.511 [main] INFO  utilities.WebDriverActions - ✓ Clicked on WebElement: My Account
14:55:01.395 [main] WARN  utilities.RetryAnalyzer - 🔄 RETRY ATTEMPT #2: verifyAccountLogin
14:55:01.395 [main] INFO  testCases.TC02_Login - ***** Starting TC02 *****
14:55:01.395 [main] INFO  testCases.TC02_Login - At Home Page...
14:55:01.496 [main] INFO  utilities.WebDriverActions - ✓ Clicked on WebElement: My Account
14:55:11.917 [main] WARN  utilities.RetryAnalyzer - 🔄 RETRY ATTEMPT #3: verifyAccountLogin
14:55:11.917 [main] INFO  testCases.TC02_Login - ***** Starting TC02 *****
14:55:11.917 [main] INFO  testCases.TC02_Login - At Home Page...
14:55:12.011 [main] INFO  utilities.WebDriverActions - ✓ Clicked on WebElement: My Account
15:22:59.440 [main] INFO  testCases.TC02_Login - ***** Starting TC02 *****
15:22:59.442 [main] INFO  testCases.TC02_Login - At Home Page...
15:22:59.619 [main] INFO  utilities.WebDriverActions - ✓ Clicked on WebElement: My Account
15:23:01.499 [main] INFO  testCases.TC02_Login - ***** Finished TC02 *****
15:59:14.995 [main] INFO  testCases.TC01_Registration - ***** Starting TC01 *****
15:59:14.995 [main] INFO  testCases.TC01_Registration - At Home Page...
15:59:15.190 [main] INFO  utilities.WebDriverActions - ✓ Clicked on WebElement: My Account
15:59:15.504 [main] INFO  testCases.TC01_Registration - Starting Registration process...
15:59:17.091 [main] INFO  testCases.TC01_Registration - Validating message...
15:59:17.115 [main] INFO  testCases.TC01_Registration - Your Account Has Been Created!
15:59:17.118 [main] INFO  testCases.TC01_Registration - ***** Finished Execution TC01 *****
15:59:19.026 [main] INFO  testCases.TC02_Login - ***** Starting TC02 *****
15:59:19.026 [main] INFO  testCases.TC02_Login - At Home Page...
15:59:19.167 [main] INFO  utilities.WebDriverActions - ✓ Clicked on WebElement: My Account
15:59:20.819 [main] INFO  testCases.TC02_Login - ***** Finished TC02 *****
15:59:24.151 [main] INFO  testCases.TC03_LoginDDP - ***** Starting TC02 *****
15:59:24.151 [main] INFO  testCases.TC03_LoginDDP - At Home Page...
15:59:24.359 [main] INFO  utilities.WebDriverActions - ✓ Clicked on WebElement: My Account
15:59:26.079 [main] INFO  testCases.TC03_LoginDDP - ***** Finished TC02 *****
15:59:26.081 [main] INFO  testCases.TC03_LoginDDP - ***** Starting TC02 *****
15:59:26.081 [main] INFO  testCases.TC03_LoginDDP - At Home Page...
15:59:26.167 [main] INFO  utilities.WebDriverActions - ✓ Clicked on WebElement: My Account
15:59:36.629 [main] INFO  testCases.TC03_LoginDDP - ***** Finished TC02 *****
15:59:36.631 [main] INFO  testCases.TC03_LoginDDP - ***** Starting TC02 *****
15:59:36.631 [main] INFO  testCases.TC03_LoginDDP - At Home Page...
15:59:36.739 [main] INFO  utilities.WebDriverActions - ✓ Clicked on WebElement: My Account
15:59:47.329 [main] INFO  testCases.TC03_LoginDDP - ***** Finished TC02 *****
15:59:47.450 [main] INFO  testCases.TC03_LoginDDP - ***** Starting TC02 *****
15:59:47.459 [main] INFO  testCases.TC03_LoginDDP - At Home Page...
15:59:47.550 [main] INFO  utilities.WebDriverActions - ✓ Clicked on WebElement: My Account
15:59:48.809 [main] INFO  testCases.TC03_LoginDDP - ***** Finished TC02 *****
16:02:07.426 [main] INFO  testCases.TC01_Registration - ***** Starting TC01 *****
16:02:07.428 [main] INFO  testCases.TC01_Registration - At Home Page...
16:02:07.612 [main] INFO  utilities.WebDriverActions - ✓ Clicked on WebElement: My Account
16:02:07.926 [main] INFO  testCases.TC01_Registration - Starting Registration process...
16:02:09.322 [main] INFO  testCases.TC01_Registration - Validating message...
16:02:09.341 [main] INFO  testCases.TC01_Registration - Your Account Has Been Created!
16:02:09.341 [main] INFO  testCases.TC01_Registration - ***** Finished Execution TC01 *****
16:02:11.163 [main] INFO  testCases.TC02_Login - ***** Starting TC02 *****
16:02:11.164 [main] INFO  testCases.TC02_Login - At Home Page...
16:02:11.301 [main] INFO  utilities.WebDriverActions - ✓ Clicked on WebElement: My Account
16:02:12.923 [main] INFO  testCases.TC02_Login - ***** Finished TC02 *****
15:50:09.990 [main] INFO  testCases.TC02_Login - ***** Starting TC02 *****
15:50:09.992 [main] INFO  testCases.TC02_Login - At Home Page...
15:50:10.142 [main] INFO  utilities.WebDriverActions - ✓ Clicked on WebElement: My Account
15:50:16.033 [main] INFO  testCases.TC02_Login - ***** Finished TC02 *****
16:49:08.023 [main] INFO  testCases.TC02_Login - ***** Starting TC02 *****
16:49:08.026 [main] INFO  testCases.TC02_Login - At Home Page...
16:49:08.209 [main] INFO  utilities.WebDriverActions - ✓ Clicked on WebElement: My Account
16:49:10.372 [main] INFO  testCases.TC02_Login - ***** Finished TC02 *****
16:56:29.023 [main] INFO  testCases.TC02_Login - ***** Starting TC02 *****
16:56:29.028 [main] INFO  testCases.TC02_Login - At Home Page...
16:56:29.213 [main] INFO  utilities.WebDriverActions - ✓ Clicked on WebElement: My Account
16:56:31.476 [main] INFO  testCases.TC02_Login - ***** Finished TC02 *****
