19:02:15.533 [main] INFO  testCases.TC01_Registration - ***** Starting TC01 *****
19:02:20.048 [main] INFO  testCases.TC01_Registration - ***** Finished Execution TC01 *****
19:02:46.977 [main] INFO  testCases.TC01_Registration - ***** Starting TC01 *****
19:02:50.869 [main] INFO  testCases.TC01_Registration - ***** Finished Execution TC01 *****
19:06:16.575 [main] INFO  testCases.TC01_Registration - ***** Starting TC01 *****
19:06:16.581 [main] INFO  testCases.TC01_Registration - At Home Page...
19:06:17.357 [main] INFO  testCases.TC01_Registration - Starting Registration process...
19:06:19.429 [main] INFO  testCases.TC01_Registration - ***** Finished Execution TC01 *****
19:07:51.595 [main] INFO  testCases.TC01_Registration - ***** Starting TC01 *****
19:07:51.597 [main] INFO  testCases.TC01_Registration - At Home Page...
19:07:52.588 [main] INFO  testCases.TC01_Registration - Starting Registration process...
19:07:54.659 [main] INFO  testCases.TC01_Registration - Validating message...
19:07:54.692 [main] INFO  testCases.TC01_Registration - ***** Finished Execution TC01 *****
19:29:24.354 [main] INFO  testCases.TC01_Registration - ***** Starting TC01 *****
19:29:24.358 [main] INFO  testCases.TC01_Registration - At Home Page...
19:29:24.936 [main] INFO  testCases.TC01_Registration - Starting Registration process...
19:29:26.718 [main] INFO  testCases.TC01_Registration - Validating message...
19:31:16.896 [main] INFO  testCases.TC01_Registration - ***** Starting TC01 *****
19:31:16.899 [main] INFO  testCases.TC01_Registration - At Home Page...
19:31:17.556 [main] INFO  testCases.TC01_Registration - Starting Registration process...
19:31:19.353 [main] INFO  testCases.TC01_Registration - Validating message...
19:32:52.471 [main] INFO  testCases.TC01_Registration - ***** Starting TC01 *****
19:32:52.475 [main] INFO  testCases.TC01_Registration - At Home Page...
19:32:53.199 [main] INFO  testCases.TC01_Registration - Starting Registration process...
19:32:56.256 [main] INFO  testCases.TC01_Registration - Validating message...
19:32:56.296 [main] ERROR testCases.TC01_Registration - Test Failed...
19:32:56.296 [main] DEBUG testCases.TC01_Registration - Debug logs
19:33:38.284 [main] INFO  testCases.TC01_Registration - ***** Starting TC01 *****
19:33:38.287 [main] INFO  testCases.TC01_Registration - At Home Page...
19:33:39.866 [main] INFO  testCases.TC01_Registration - Starting Registration process...
19:33:42.264 [main] INFO  testCases.TC01_Registration - Validating message...
19:33:42.299 [main] ERROR testCases.TC01_Registration - Test Failed...
19:33:42.300 [main] DEBUG testCases.TC01_Registration - java.lang.Exception: Exceptionz
19:34:26.390 [main] INFO  testCases.TC01_Registration - ***** Starting TC01 *****
19:34:26.394 [main] INFO  testCases.TC01_Registration - At Home Page...
19:34:26.959 [main] INFO  testCases.TC01_Registration - Starting Registration process...
19:34:28.794 [main] INFO  testCases.TC01_Registration - Validating message...
19:34:28.831 [main] INFO  testCases.TC01_Registration - ***** Finished Execution TC01 *****
20:41:39.482 [main] INFO  testCases.TC01_Registration - ***** Starting TC01 *****
20:41:39.485 [main] INFO  testCases.TC01_Registration - At Home Page...
20:41:40.006 [main] INFO  testCases.TC01_Registration - Starting Registration process...
20:41:41.811 [main] INFO  testCases.TC01_Registration - Validating message...
20:41:41.845 [main] INFO  testCases.TC01_Registration - ***** Finished Execution TC01 *****
20:42:17.972 [main] ERROR testCases.TC01_Registration - Wrong Browser Parameter...
20:42:17.986 [main] INFO  testCases.TC01_Registration - ***** Starting TC01 *****
20:42:17.987 [main] INFO  testCases.TC01_Registration - At Home Page...
20:42:18.009 [main] ERROR testCases.TC01_Registration - Test Failed...
20:51:28.652 [main] INFO  testCases.TC01_Registration - ***** Starting TC01 *****
20:51:28.655 [main] INFO  testCases.TC01_Registration - At Home Page...
20:51:29.239 [main] INFO  testCases.TC01_Registration - Starting Registration process...
20:51:31.491 [main] INFO  testCases.TC01_Registration - Validating message...
20:51:31.527 [main] INFO  testCases.TC01_Registration - ***** Finished Execution TC01 *****
20:51:34.581 [main] INFO  testCases.TC01_Registration - ***** Starting TC01 *****
20:51:34.581 [main] INFO  testCases.TC01_Registration - At Home Page...
20:51:35.167 [main] INFO  testCases.TC01_Registration - Starting Registration process...
20:51:37.015 [main] INFO  testCases.TC01_Registration - Validating message...
20:51:37.048 [main] INFO  testCases.TC01_Registration - ***** Finished Execution TC01 *****
20:52:18.030 [TestNG-tests-2] INFO  testCases.TC01_Registration - ***** Starting TC01 *****
20:52:18.033 [TestNG-tests-2] INFO  testCases.TC01_Registration - At Home Page...
20:52:18.654 [TestNG-tests-1] INFO  testCases.TC01_Registration - ***** Starting TC01 *****
20:52:18.655 [TestNG-tests-1] INFO  testCases.TC01_Registration - At Home Page...
20:52:18.661 [TestNG-tests-2] INFO  testCases.TC01_Registration - Starting Registration process...
20:52:19.395 [TestNG-tests-1] INFO  testCases.TC01_Registration - Starting Registration process...
20:52:20.104 [TestNG-tests-1] INFO  testCases.TC01_Registration - Validating message...
20:52:21.765 [TestNG-tests-2] INFO  testCases.TC01_Registration - Validating message...
20:52:21.767 [TestNG-tests-1] INFO  testCases.TC01_Registration - ***** Finished Execution TC01 *****
20:52:21.997 [TestNG-tests-2] INFO  testCases.TC01_Registration - ***** Finished Execution TC01 *****
20:52:42.350 [main] INFO  testCases.TC01_Registration - ***** Starting TC01 *****
20:52:42.354 [main] INFO  testCases.TC01_Registration - At Home Page...
20:52:43.207 [main] INFO  testCases.TC01_Registration - Starting Registration process...
20:52:45.139 [main] INFO  testCases.TC01_Registration - Validating message...
20:52:45.176 [main] INFO  testCases.TC01_Registration - ***** Finished Execution TC01 *****
20:53:16.561 [main] INFO  testCases.TC01_Registration - ***** Starting TC01 *****
20:53:16.562 [main] INFO  testCases.TC01_Registration - At Home Page...
20:53:16.872 [main] INFO  testCases.TC01_Registration - Starting Registration process...
20:53:29.634 [main] ERROR testCases.TC01_Registration - Test Failed...
20:53:59.615 [main] INFO  testCases.TC01_Registration - ***** Starting TC01 *****
20:53:59.619 [main] INFO  testCases.TC01_Registration - At Home Page...
20:54:04.925 [main] INFO  testCases.TC01_Registration - Starting Registration process...
20:54:06.707 [main] INFO  testCases.TC01_Registration - Validating message...
20:54:06.742 [main] INFO  testCases.TC01_Registration - ***** Finished Execution TC01 *****
20:54:31.122 [main] INFO  testCases.TC01_Registration - ***** Starting TC01 *****
20:54:31.123 [main] INFO  testCases.TC01_Registration - At Home Page...
20:54:34.832 [main] INFO  testCases.TC01_Registration - Starting Registration process...
20:54:36.659 [main] INFO  testCases.TC01_Registration - Validating message...
20:54:36.687 [main] INFO  testCases.TC01_Registration - ***** Finished Execution TC01 *****
20:55:32.010 [TestNG-tests-2] INFO  testCases.TC01_Registration - ***** Starting TC01 *****
20:55:32.014 [TestNG-tests-2] INFO  testCases.TC01_Registration - At Home Page...
20:55:37.895 [TestNG-tests-1] INFO  testCases.TC01_Registration - ***** Starting TC01 *****
20:55:37.895 [TestNG-tests-1] INFO  testCases.TC01_Registration - At Home Page...
20:55:39.347 [TestNG-tests-2] INFO  testCases.TC01_Registration - Starting Registration process...
20:55:41.252 [TestNG-tests-2] INFO  testCases.TC01_Registration - Validating message...
20:55:41.285 [TestNG-tests-2] INFO  testCases.TC01_Registration - ***** Finished Execution TC01 *****
20:55:41.665 [TestNG-tests-1] INFO  testCases.TC01_Registration - Starting Registration process...
20:55:43.651 [TestNG-tests-1] INFO  testCases.TC01_Registration - Validating message...
20:55:43.681 [TestNG-tests-1] INFO  testCases.TC01_Registration - ***** Finished Execution TC01 *****
21:23:12.812 [main] INFO  testCases.TC01_Registration - ***** Starting TC01 *****
21:23:12.814 [main] INFO  testCases.TC01_Registration - At Home Page...
21:23:13.355 [main] INFO  testCases.TC01_Registration - Starting Registration process...
21:23:15.660 [main] INFO  testCases.TC01_Registration - Validating message...
21:23:15.697 [main] INFO  testCases.TC01_Registration - ***** Finished Execution TC01 *****
22:07:13.495 [main] INFO  testCases.TC01_Registration - ***** Starting TC01 *****
22:07:13.499 [main] INFO  testCases.TC01_Registration - At Home Page...
22:07:13.981 [main] INFO  testCases.TC01_Registration - Starting Registration process...
22:07:15.901 [main] INFO  testCases.TC01_Registration - Validating message...
22:07:15.935 [main] INFO  testCases.TC01_Registration - ***** Finished Execution TC01 *****
22:07:18.007 [main] INFO  testCases.TC02_Login - ***** Starting TC02 *****
22:07:18.008 [main] INFO  testCases.TC02_Login - At Home Page...
22:07:26.433 [main] ERROR testCases.TC02_Login - Test Failed...
22:10:26.890 [main] INFO  testCases.TC01_Registration - ***** Starting TC01 *****
22:10:26.893 [main] INFO  testCases.TC01_Registration - At Home Page...
22:10:27.685 [main] INFO  testCases.TC01_Registration - Starting Registration process...
22:10:30.249 [main] INFO  testCases.TC01_Registration - Validating message...
22:10:30.283 [main] INFO  testCases.TC01_Registration - ***** Finished Execution TC01 *****
22:10:32.217 [main] INFO  testCases.TC02_Login - ***** Starting TC02 *****
22:10:32.218 [main] INFO  testCases.TC02_Login - At Home Page...
22:10:34.460 [main] INFO  testCases.TC02_Login - ***** Finished TC02 *****
12:58:57.522 [main] INFO  testCases.TC01_Registration - ***** Starting TC01 *****
12:58:57.524 [main] INFO  testCases.TC01_Registration - At Home Page...
12:58:57.974 [main] INFO  testCases.TC01_Registration - Starting Registration process...
12:58:59.883 [main] INFO  testCases.TC01_Registration - Validating message...
12:58:59.918 [main] INFO  testCases.TC01_Registration - ***** Finished Execution TC01 *****
12:59:02.164 [main] INFO  testCases.TC02_Login - ***** Starting TC02 *****
12:59:02.166 [main] INFO  testCases.TC02_Login - At Home Page...
12:59:04.153 [main] INFO  testCases.TC02_Login - ***** Finished TC02 *****
13:06:43.986 [main] INFO  testCases.TC01_Registration - ***** Starting TC01 *****
13:06:43.989 [main] INFO  testCases.TC01_Registration - At Home Page...
13:06:44.444 [main] INFO  testCases.TC01_Registration - Starting Registration process...
13:06:51.078 [main] INFO  testCases.TC01_Registration - Validating message...
13:06:51.113 [main] INFO  testCases.TC01_Registration - ***** Finished Execution TC01 *****
13:06:53.100 [main] INFO  testCases.TC02_Login - ***** Starting TC02 *****
13:06:53.100 [main] INFO  testCases.TC02_Login - At Home Page...
13:06:54.947 [main] INFO  testCases.TC02_Login - ***** Finished TC02 *****
17:01:33.095 [main] INFO  testCases.TC03_LoginDDP - ***** Starting TC02 *****
17:01:33.101 [main] INFO  testCases.TC03_LoginDDP - At Home Page...
17:01:35.845 [main] INFO  testCases.TC03_LoginDDP - ***** Finished TC02 *****
17:01:35.851 [main] INFO  testCases.TC03_LoginDDP - ***** Starting TC02 *****
17:01:35.851 [main] INFO  testCases.TC03_LoginDDP - At Home Page...
17:01:37.616 [main] INFO  testCases.TC03_LoginDDP - ***** Finished TC02 *****
17:01:37.625 [main] INFO  testCases.TC03_LoginDDP - ***** Starting TC02 *****
17:01:37.625 [main] INFO  testCases.TC03_LoginDDP - At Home Page...
17:01:39.528 [main] INFO  testCases.TC03_LoginDDP - ***** Finished TC02 *****
17:01:39.531 [main] INFO  testCases.TC03_LoginDDP - ***** Starting TC02 *****
17:01:39.531 [main] INFO  testCases.TC03_LoginDDP - At Home Page...
17:01:41.316 [main] INFO  testCases.TC03_LoginDDP - ***** Finished TC02 *****
17:01:41.318 [main] INFO  testCases.TC03_LoginDDP - ***** Starting TC02 *****
17:01:41.318 [main] INFO  testCases.TC03_LoginDDP - At Home Page...
17:01:42.696 [main] ERROR testCases.TC03_LoginDDP - Test Failed...
17:01:42.696 [main] INFO  testCases.TC03_LoginDDP - ***** Finished TC02 *****
17:01:42.698 [main] INFO  testCases.TC03_LoginDDP - ***** Starting TC02 *****
17:01:42.698 [main] INFO  testCases.TC03_LoginDDP - At Home Page...
17:01:52.839 [main] ERROR testCases.TC03_LoginDDP - Test Failed...
17:01:52.840 [main] INFO  testCases.TC03_LoginDDP - ***** Finished TC02 *****
17:05:25.311 [main] INFO  testCases.TC03_LoginDDP - ***** Starting TC02 *****
17:05:25.318 [main] INFO  testCases.TC03_LoginDDP - At Home Page...
17:05:27.779 [main] INFO  testCases.TC03_LoginDDP - ***** Finished TC02 *****
17:05:27.783 [main] INFO  testCases.TC03_LoginDDP - ***** Starting TC02 *****
17:05:27.784 [main] INFO  testCases.TC03_LoginDDP - At Home Page...
17:05:29.568 [main] INFO  testCases.TC03_LoginDDP - ***** Finished TC02 *****
17:05:29.574 [main] INFO  testCases.TC03_LoginDDP - ***** Starting TC02 *****
17:05:29.574 [main] INFO  testCases.TC03_LoginDDP - At Home Page...
17:05:30.937 [main] ERROR testCases.TC03_LoginDDP - Test Failed...
17:05:30.937 [main] INFO  testCases.TC03_LoginDDP - ***** Finished TC02 *****
17:05:30.938 [main] INFO  testCases.TC03_LoginDDP - ***** Starting TC02 *****
17:05:30.939 [main] INFO  testCases.TC03_LoginDDP - At Home Page...
17:05:41.056 [main] ERROR testCases.TC03_LoginDDP - Test Failed...
17:05:41.057 [main] INFO  testCases.TC03_LoginDDP - ***** Finished TC02 *****
17:08:28.748 [main] INFO  testCases.TC03_LoginDDP - ***** Starting TC02 *****
17:08:28.756 [main] INFO  testCases.TC03_LoginDDP - At Home Page...
17:08:31.301 [main] INFO  testCases.TC03_LoginDDP - ***** Finished TC02 *****
17:08:31.305 [main] INFO  testCases.TC03_LoginDDP - ***** Starting TC02 *****
17:08:31.305 [main] INFO  testCases.TC03_LoginDDP - At Home Page...
17:08:33.089 [main] INFO  testCases.TC03_LoginDDP - ***** Finished TC02 *****
17:08:33.097 [main] INFO  testCases.TC03_LoginDDP - ***** Starting TC02 *****
17:08:33.097 [main] INFO  testCases.TC03_LoginDDP - At Home Page...
17:08:34.739 [main] INFO  testCases.TC03_LoginDDP - ***** Finished TC02 *****
17:08:34.741 [main] INFO  testCases.TC03_LoginDDP - ***** Starting TC02 *****
17:08:34.741 [main] INFO  testCases.TC03_LoginDDP - At Home Page...
17:08:36.000 [main] ERROR testCases.TC03_LoginDDP - Test Failed...
17:08:36.001 [main] INFO  testCases.TC03_LoginDDP - ***** Finished TC02 *****
17:09:25.398 [main] INFO  testCases.TC03_LoginDDP - ***** Starting TC02 *****
17:09:25.401 [main] INFO  testCases.TC03_LoginDDP - At Home Page...
17:09:28.043 [main] INFO  testCases.TC03_LoginDDP - ***** Finished TC02 *****
17:09:28.048 [main] INFO  testCases.TC03_LoginDDP - ***** Starting TC02 *****
17:09:28.048 [main] INFO  testCases.TC03_LoginDDP - At Home Page...
17:09:29.762 [main] INFO  testCases.TC03_LoginDDP - ***** Finished TC02 *****
17:09:29.771 [main] INFO  testCases.TC03_LoginDDP - ***** Starting TC02 *****
17:09:29.771 [main] INFO  testCases.TC03_LoginDDP - At Home Page...
17:09:31.684 [main] INFO  testCases.TC03_LoginDDP - ***** Finished TC02 *****
17:09:31.687 [main] INFO  testCases.TC03_LoginDDP - ***** Starting TC02 *****
17:09:31.687 [main] INFO  testCases.TC03_LoginDDP - At Home Page...
17:09:33.416 [main] INFO  testCases.TC03_LoginDDP - ***** Finished TC02 *****
17:11:13.309 [main] INFO  testCases.TC03_LoginDDP - ***** Starting TC02 *****
17:11:13.313 [main] INFO  testCases.TC03_LoginDDP - At Home Page...
17:11:13.842 [main] ERROR testCases.TC03_LoginDDP - Test Failed...
17:11:13.845 [main] INFO  testCases.TC03_LoginDDP - ***** Finished TC02 *****
17:11:13.851 [main] INFO  testCases.TC03_LoginDDP - ***** Starting TC02 *****
17:11:13.851 [main] INFO  testCases.TC03_LoginDDP - At Home Page...
17:11:14.293 [main] ERROR testCases.TC03_LoginDDP - Test Failed...
17:11:14.293 [main] INFO  testCases.TC03_LoginDDP - ***** Finished TC02 *****
17:11:14.298 [main] INFO  testCases.TC03_LoginDDP - ***** Starting TC02 *****
17:11:14.299 [main] INFO  testCases.TC03_LoginDDP - At Home Page...
17:11:14.696 [main] ERROR testCases.TC03_LoginDDP - Test Failed...
17:11:14.696 [main] INFO  testCases.TC03_LoginDDP - ***** Finished TC02 *****
17:11:14.699 [main] INFO  testCases.TC03_LoginDDP - ***** Starting TC02 *****
17:11:14.699 [main] INFO  testCases.TC03_LoginDDP - At Home Page...
17:11:15.158 [main] ERROR testCases.TC03_LoginDDP - Test Failed...
17:11:15.158 [main] INFO  testCases.TC03_LoginDDP - ***** Finished TC02 *****
17:12:56.492 [main] INFO  testCases.TC03_LoginDDP - ***** Starting TC02 *****
17:12:56.497 [main] INFO  testCases.TC03_LoginDDP - At Home Page...
17:12:56.963 [main] ERROR testCases.TC03_LoginDDP - Test Failed...
17:12:56.965 [main] INFO  testCases.TC03_LoginDDP - ***** Finished TC02 *****
17:12:56.974 [main] INFO  testCases.TC03_LoginDDP - ***** Starting TC02 *****
17:12:56.974 [main] INFO  testCases.TC03_LoginDDP - At Home Page...
17:12:57.319 [main] ERROR testCases.TC03_LoginDDP - Test Failed...
17:12:57.320 [main] INFO  testCases.TC03_LoginDDP - ***** Finished TC02 *****
17:12:57.323 [main] INFO  testCases.TC03_LoginDDP - ***** Starting TC02 *****
17:12:57.324 [main] INFO  testCases.TC03_LoginDDP - At Home Page...
17:12:57.688 [main] ERROR testCases.TC03_LoginDDP - Test Failed...
17:12:57.688 [main] INFO  testCases.TC03_LoginDDP - ***** Finished TC02 *****
17:12:57.691 [main] INFO  testCases.TC03_LoginDDP - ***** Starting TC02 *****
17:12:57.692 [main] INFO  testCases.TC03_LoginDDP - At Home Page...
17:12:58.044 [main] ERROR testCases.TC03_LoginDDP - Test Failed...
17:12:58.044 [main] INFO  testCases.TC03_LoginDDP - ***** Finished TC02 *****
17:15:01.269 [main] INFO  testCases.TC03_LoginDDP - ***** Starting TC02 *****
17:15:01.279 [main] INFO  testCases.TC03_LoginDDP - At Home Page...
17:15:02.853 [main] ERROR testCases.TC03_LoginDDP - Test Failed...
17:15:02.855 [main] INFO  testCases.TC03_LoginDDP - ***** Finished TC02 *****
17:15:02.865 [main] INFO  testCases.TC03_LoginDDP - ***** Starting TC02 *****
17:15:02.865 [main] INFO  testCases.TC03_LoginDDP - At Home Page...
17:15:03.812 [main] ERROR testCases.TC03_LoginDDP - Test Failed...
17:15:03.812 [main] INFO  testCases.TC03_LoginDDP - ***** Finished TC02 *****
17:15:03.814 [main] INFO  testCases.TC03_LoginDDP - ***** Starting TC02 *****
17:15:03.814 [main] INFO  testCases.TC03_LoginDDP - At Home Page...
17:15:04.841 [main] ERROR testCases.TC03_LoginDDP - Test Failed...
17:15:04.842 [main] INFO  testCases.TC03_LoginDDP - ***** Finished TC02 *****
17:15:04.844 [main] INFO  testCases.TC03_LoginDDP - ***** Starting TC02 *****
17:15:04.845 [main] INFO  testCases.TC03_LoginDDP - At Home Page...
17:15:05.683 [main] ERROR testCases.TC03_LoginDDP - Test Failed...
17:15:05.683 [main] INFO  testCases.TC03_LoginDDP - ***** Finished TC02 *****
17:15:58.719 [main] INFO  testCases.TC03_LoginDDP - ***** Starting TC02 *****
17:15:58.723 [main] INFO  testCases.TC03_LoginDDP - At Home Page...
17:15:59.134 [main] ERROR testCases.TC03_LoginDDP - Test Failed...
17:15:59.136 [main] INFO  testCases.TC03_LoginDDP - ***** Finished TC02 *****
17:15:59.148 [main] INFO  testCases.TC03_LoginDDP - ***** Starting TC02 *****
17:15:59.148 [main] INFO  testCases.TC03_LoginDDP - At Home Page...
17:15:59.486 [main] ERROR testCases.TC03_LoginDDP - Test Failed...
17:15:59.487 [main] INFO  testCases.TC03_LoginDDP - ***** Finished TC02 *****
17:15:59.489 [main] INFO  testCases.TC03_LoginDDP - ***** Starting TC02 *****
17:15:59.489 [main] INFO  testCases.TC03_LoginDDP - At Home Page...
17:15:59.848 [main] ERROR testCases.TC03_LoginDDP - Test Failed...
17:15:59.848 [main] INFO  testCases.TC03_LoginDDP - ***** Finished TC02 *****
17:15:59.850 [main] INFO  testCases.TC03_LoginDDP - ***** Starting TC02 *****
17:15:59.850 [main] INFO  testCases.TC03_LoginDDP - At Home Page...
17:16:00.210 [main] ERROR testCases.TC03_LoginDDP - Test Failed...
17:16:00.210 [main] INFO  testCases.TC03_LoginDDP - ***** Finished TC02 *****
17:16:56.747 [main] INFO  testCases.TC03_LoginDDP - ***** Starting TC02 *****
17:16:56.751 [main] INFO  testCases.TC03_LoginDDP - At Home Page...
17:16:57.436 [main] ERROR testCases.TC03_LoginDDP - Test Failed...
17:16:57.436 [main] INFO  testCases.TC03_LoginDDP - ***** Finished TC02 *****
17:16:57.439 [main] INFO  testCases.TC03_LoginDDP - ***** Starting TC02 *****
17:16:57.440 [main] INFO  testCases.TC03_LoginDDP - At Home Page...
17:16:57.787 [main] ERROR testCases.TC03_LoginDDP - Test Failed...
17:16:57.787 [main] INFO  testCases.TC03_LoginDDP - ***** Finished TC02 *****
17:16:57.788 [main] INFO  testCases.TC03_LoginDDP - ***** Starting TC02 *****
17:16:57.788 [main] INFO  testCases.TC03_LoginDDP - At Home Page...
17:16:58.119 [main] ERROR testCases.TC03_LoginDDP - Test Failed...
17:16:58.120 [main] INFO  testCases.TC03_LoginDDP - ***** Finished TC02 *****
17:16:58.121 [main] INFO  testCases.TC03_LoginDDP - ***** Starting TC02 *****
17:16:58.121 [main] INFO  testCases.TC03_LoginDDP - At Home Page...
17:16:58.486 [main] ERROR testCases.TC03_LoginDDP - Test Failed...
17:16:58.486 [main] INFO  testCases.TC03_LoginDDP - ***** Finished TC02 *****
17:17:52.290 [main] INFO  testCases.TC03_LoginDDP - ***** Starting TC02 *****
17:17:52.294 [main] INFO  testCases.TC03_LoginDDP - At Home Page...
17:17:52.710 [main] ERROR testCases.TC03_LoginDDP - Test Failed...
17:17:52.714 [main] INFO  testCases.TC03_LoginDDP - ***** Finished TC02 *****
17:17:52.724 [main] INFO  testCases.TC03_LoginDDP - ***** Starting TC02 *****
17:17:52.724 [main] INFO  testCases.TC03_LoginDDP - At Home Page...
17:17:53.044 [main] ERROR testCases.TC03_LoginDDP - Test Failed...
17:17:53.044 [main] INFO  testCases.TC03_LoginDDP - ***** Finished TC02 *****
17:17:53.047 [main] INFO  testCases.TC03_LoginDDP - ***** Starting TC02 *****
17:17:53.047 [main] INFO  testCases.TC03_LoginDDP - At Home Page...
17:17:53.376 [main] ERROR testCases.TC03_LoginDDP - Test Failed...
17:17:53.376 [main] INFO  testCases.TC03_LoginDDP - ***** Finished TC02 *****
17:17:53.378 [main] INFO  testCases.TC03_LoginDDP - ***** Starting TC02 *****
17:17:53.378 [main] INFO  testCases.TC03_LoginDDP - At Home Page...
17:17:53.710 [main] ERROR testCases.TC03_LoginDDP - Test Failed...
17:17:53.711 [main] INFO  testCases.TC03_LoginDDP - ***** Finished TC02 *****
17:20:24.882 [main] INFO  testCases.TC03_LoginDDP - ***** Starting TC02 *****
17:20:24.888 [main] INFO  testCases.TC03_LoginDDP - At Home Page...
17:20:28.508 [main] INFO  testCases.TC03_LoginDDP - ***** Finished TC02 *****
17:20:28.511 [main] INFO  testCases.TC03_LoginDDP - ***** Starting TC02 *****
17:20:28.511 [main] INFO  testCases.TC03_LoginDDP - At Home Page...
17:20:39.189 [main] ERROR testCases.TC03_LoginDDP - Test Failed...
17:20:39.190 [main] INFO  testCases.TC03_LoginDDP - ***** Finished TC02 *****
17:20:39.197 [main] INFO  testCases.TC03_LoginDDP - ***** Starting TC02 *****
17:20:39.197 [main] INFO  testCases.TC03_LoginDDP - At Home Page...
17:20:50.068 [main] ERROR testCases.TC03_LoginDDP - Test Failed...
17:20:50.069 [main] INFO  testCases.TC03_LoginDDP - ***** Finished TC02 *****
17:20:50.074 [main] INFO  testCases.TC03_LoginDDP - ***** Starting TC02 *****
17:20:50.075 [main] INFO  testCases.TC03_LoginDDP - At Home Page...
17:20:52.014 [main] INFO  testCases.TC03_LoginDDP - ***** Finished TC02 *****
17:30:23.486 [main] INFO  testCases.TC03_LoginDDP - ***** Starting TC02 *****
17:30:23.491 [main] INFO  testCases.TC03_LoginDDP - At Home Page...
17:30:28.273 [main] INFO  testCases.TC03_LoginDDP - ***** Finished TC02 *****
17:30:28.276 [main] INFO  testCases.TC03_LoginDDP - ***** Starting TC02 *****
17:30:28.276 [main] INFO  testCases.TC03_LoginDDP - At Home Page...
17:30:38.888 [main] ERROR testCases.TC03_LoginDDP - Test Failed...
17:30:38.888 [main] INFO  testCases.TC03_LoginDDP - ***** Finished TC02 *****
17:30:38.896 [main] INFO  testCases.TC03_LoginDDP - ***** Starting TC02 *****
17:30:38.896 [main] INFO  testCases.TC03_LoginDDP - At Home Page...
17:30:49.516 [main] ERROR testCases.TC03_LoginDDP - Test Failed...
17:30:49.516 [main] INFO  testCases.TC03_LoginDDP - ***** Finished TC02 *****
17:30:49.519 [main] INFO  testCases.TC03_LoginDDP - ***** Starting TC02 *****
17:30:49.520 [main] INFO  testCases.TC03_LoginDDP - At Home Page...
17:30:51.405 [main] INFO  testCases.TC03_LoginDDP - ***** Finished TC02 *****
17:33:19.158 [main] INFO  testCases.TC03_LoginDDP - ***** Starting TC02 *****
17:33:19.167 [main] INFO  testCases.TC03_LoginDDP - At Home Page...
17:33:21.441 [main] INFO  testCases.TC03_LoginDDP - ***** Finished TC02 *****
17:33:21.449 [main] INFO  testCases.TC03_LoginDDP - ***** Starting TC02 *****
17:33:21.450 [main] INFO  testCases.TC03_LoginDDP - At Home Page...
17:33:32.704 [main] ERROR testCases.TC03_LoginDDP - Test Failed...
17:33:32.704 [main] INFO  testCases.TC03_LoginDDP - ***** Finished TC02 *****
17:33:32.710 [main] INFO  testCases.TC03_LoginDDP - ***** Starting TC02 *****
17:33:32.710 [main] INFO  testCases.TC03_LoginDDP - At Home Page...
17:33:43.317 [main] ERROR testCases.TC03_LoginDDP - Test Failed...
17:33:43.317 [main] INFO  testCases.TC03_LoginDDP - ***** Finished TC02 *****
17:33:43.319 [main] INFO  testCases.TC03_LoginDDP - ***** Starting TC02 *****
17:33:43.319 [main] INFO  testCases.TC03_LoginDDP - At Home Page...
17:33:45.132 [main] INFO  testCases.TC03_LoginDDP - ***** Finished TC02 *****
17:36:07.288 [main] INFO  testCases.TC03_LoginDDP - ***** Starting TC02 *****
17:36:07.299 [main] INFO  testCases.TC03_LoginDDP - At Home Page...
17:36:10.118 [main] INFO  testCases.TC03_LoginDDP - ***** Finished TC02 *****
17:36:10.121 [main] INFO  testCases.TC03_LoginDDP - ***** Starting TC02 *****
17:36:10.121 [main] INFO  testCases.TC03_LoginDDP - At Home Page...
17:36:20.695 [main] ERROR testCases.TC03_LoginDDP - Test Failed...
17:36:20.698 [main] INFO  testCases.TC03_LoginDDP - ***** Finished TC02 *****
17:36:20.710 [main] INFO  testCases.TC03_LoginDDP - ***** Starting TC02 *****
17:36:20.711 [main] INFO  testCases.TC03_LoginDDP - At Home Page...
17:36:32.007 [main] ERROR testCases.TC03_LoginDDP - Test Failed...
17:36:32.007 [main] INFO  testCases.TC03_LoginDDP - ***** Finished TC02 *****
17:36:32.009 [main] INFO  testCases.TC03_LoginDDP - ***** Starting TC02 *****
17:36:32.009 [main] INFO  testCases.TC03_LoginDDP - At Home Page...
17:36:33.853 [main] INFO  testCases.TC03_LoginDDP - ***** Finished TC02 *****
18:13:27.774 [main] INFO  testCases.TC03_LoginDDP - ***** Starting TC02 *****
18:13:27.779 [main] INFO  testCases.TC03_LoginDDP - At Home Page...
18:13:30.432 [main] INFO  testCases.TC03_LoginDDP - ***** Finished TC02 *****
18:13:30.435 [main] INFO  testCases.TC03_LoginDDP - ***** Starting TC02 *****
18:13:30.436 [main] INFO  testCases.TC03_LoginDDP - At Home Page...
18:13:41.761 [main] ERROR testCases.TC03_LoginDDP - Test Failed..
org.openqa.selenium.NoSuchElementException: no such element: Unable to locate element: {"method":"xpath","selector":"//h2[text()= 'My Account']"}
  (Session info: chrome=148.0.7778.168)
For documentation on this error, please visit: https://www.selenium.dev/documentation/webdriver/troubleshooting/errors#nosuchelementexception
Build info: version: '4.41.0', revision: '9fc754f'
System info: os.name: 'Windows 11', os.arch: 'amd64', os.version: '10.0', java.version: '22.0.1'
Driver info: org.openqa.selenium.chrome.ChromeDriver
Command: [bc504874b31b6cbcfabaa74273b972a2, findElement {using=xpath, value=//h2[text()= 'My Account']}]
Capabilities {acceptInsecureCerts: false, browserName: chrome, browserVersion: 148.0.7778.168, chrome: {chromedriverVersion: 148.0.7778.178 (d096af1c9e9..., userDataDir: C:\Users\Danns\AppData\Loca...}, fedcm:accounts: true, goog:chromeOptions: {debuggerAddress: localhost:53385}, goog:processID: 26788, networkConnectionEnabled: false, pageLoadStrategy: normal, platformName: windows, proxy: Proxy(), se:cdp: ws://localhost:53385/devtoo..., se:cdpVersion: 148.0.7778.168, setWindowRect: true, strictFileInteractability: false, timeouts: {implicit: 0, pageLoad: 300000, script: 30000}, unhandledPromptBehavior: dismiss and notify, webauthn:extension:credBlob: true, webauthn:extension:largeBlob: true, webauthn:extension:minPinLength: true, webauthn:extension:prf: true, webauthn:virtualAuthenticators: true}
Session ID: bc504874b31b6cbcfabaa74273b972a2
	at org.openqa.selenium.remote.ErrorCodec.decode(ErrorCodec.java:169)
	at org.openqa.selenium.remote.codec.w3c.W3CHttpResponseCodec.decode(W3CHttpResponseCodec.java:142)
	at org.openqa.selenium.remote.codec.w3c.W3CHttpResponseCodec.decode(W3CHttpResponseCodec.java:49)
	at org.openqa.selenium.remote.HttpCommandExecutor.execute(HttpCommandExecutor.java:223)
	at org.openqa.selenium.remote.service.DriverCommandExecutor.invokeExecute(DriverCommandExecutor.java:216)
	at org.openqa.selenium.remote.service.DriverCommandExecutor.execute(DriverCommandExecutor.java:174)
	at org.openqa.selenium.remote.RemoteWebDriver.execute(RemoteWebDriver.java:604)
	at org.openqa.selenium.remote.ElementLocation$ElementFinder$2.findElement(ElementLocation.java:166)
	at org.openqa.selenium.remote.ElementLocation.findElement(ElementLocation.java:60)
	at org.openqa.selenium.remote.RemoteWebDriver.findElement(RemoteWebDriver.java:427)
	at org.openqa.selenium.remote.RemoteWebDriver.findElement(RemoteWebDriver.java:421)
	at org.openqa.selenium.support.pagefactory.DefaultElementLocator.findElement(DefaultElementLocator.java:68)
	at org.openqa.selenium.support.pagefactory.internal.LocatingElementHandler.invoke(LocatingElementHandler.java:38)
	at jdk.proxy2/jdk.proxy2.$Proxy30.isDisplayed(Unknown Source)
	at pageObjects.MyAccountPage.isMyAccDisplayed(MyAccountPage.java:18)
	at testCases.TC03_LoginDDP.verifyLoginDDP(TC03_LoginDDP.java:26)
	at java.base/jdk.internal.reflect.DirectMethodHandleAccessor.invoke(DirectMethodHandleAccessor.java:103)
	at java.base/java.lang.reflect.Method.invoke(Method.java:580)
	at org.testng.internal.invokers.MethodInvocationHelper.invokeMethod(MethodInvocationHelper.java:141)
	at org.testng.internal.invokers.TestInvoker.invokeMethod(TestInvoker.java:687)
	at org.testng.internal.invokers.TestInvoker.invokeTestMethod(TestInvoker.java:230)
	at org.testng.internal.invokers.MethodRunner.runInSequence(MethodRunner.java:63)
	at org.testng.internal.invokers.TestInvoker$MethodInvocationAgent.invoke(TestInvoker.java:995)
	at org.testng.internal.invokers.TestInvoker.invokeTestMethods(TestInvoker.java:203)
	at org.testng.internal.invokers.TestMethodWorker.invokeTestMethods(TestMethodWorker.java:154)
	at org.testng.internal.invokers.TestMethodWorker.run(TestMethodWorker.java:134)
	at java.base/java.util.ArrayList.forEach(ArrayList.java:1597)
	at org.testng.TestRunner.privateRun(TestRunner.java:741)
	at org.testng.TestRunner.run(TestRunner.java:616)
	at org.testng.SuiteRunner.runTest(SuiteRunner.java:421)
	at org.testng.SuiteRunner.runSequentially(SuiteRunner.java:413)
	at org.testng.SuiteRunner.privateRun(SuiteRunner.java:373)
	at org.testng.SuiteRunner.run(SuiteRunner.java:312)
	at org.testng.SuiteRunnerWorker.runSuite(SuiteRunnerWorker.java:52)
	at org.testng.SuiteRunnerWorker.run(SuiteRunnerWorker.java:95)
	at org.testng.TestNG.runSuitesSequentially(TestNG.java:1274)
	at org.testng.TestNG.runSuitesLocally(TestNG.java:1208)
	at org.testng.TestNG.runSuites(TestNG.java:1112)
	at org.testng.TestNG.run(TestNG.java:1079)
	at com.intellij.rt.testng.IDEARemoteTestNG.run(IDEARemoteTestNG.java:65)
	at com.intellij.rt.testng.RemoteTestNGStarter.main(RemoteTestNGStarter.java:105)
18:13:41.767 [main] INFO  testCases.TC03_LoginDDP - ***** Finished TC02 *****
18:13:41.778 [main] INFO  testCases.TC03_LoginDDP - ***** Starting TC02 *****
18:13:41.778 [main] INFO  testCases.TC03_LoginDDP - At Home Page...
18:13:52.468 [main] ERROR testCases.TC03_LoginDDP - Test Failed..
org.openqa.selenium.NoSuchElementException: no such element: Unable to locate element: {"method":"xpath","selector":"//h2[text()= 'My Account']"}
  (Session info: chrome=148.0.7778.168)
For documentation on this error, please visit: https://www.selenium.dev/documentation/webdriver/troubleshooting/errors#nosuchelementexception
Build info: version: '4.41.0', revision: '9fc754f'
System info: os.name: 'Windows 11', os.arch: 'amd64', os.version: '10.0', java.version: '22.0.1'
Driver info: org.openqa.selenium.chrome.ChromeDriver
Command: [bc504874b31b6cbcfabaa74273b972a2, findElement {using=xpath, value=//h2[text()= 'My Account']}]
Capabilities {acceptInsecureCerts: false, browserName: chrome, browserVersion: 148.0.7778.168, chrome: {chromedriverVersion: 148.0.7778.178 (d096af1c9e9..., userDataDir: C:\Users\Danns\AppData\Loca...}, fedcm:accounts: true, goog:chromeOptions: {debuggerAddress: localhost:53385}, goog:processID: 26788, networkConnectionEnabled: false, pageLoadStrategy: normal, platformName: windows, proxy: Proxy(), se:cdp: ws://localhost:53385/devtoo..., se:cdpVersion: 148.0.7778.168, setWindowRect: true, strictFileInteractability: false, timeouts: {implicit: 0, pageLoad: 300000, script: 30000}, unhandledPromptBehavior: dismiss and notify, webauthn:extension:credBlob: true, webauthn:extension:largeBlob: true, webauthn:extension:minPinLength: true, webauthn:extension:prf: true, webauthn:virtualAuthenticators: true}
Session ID: bc504874b31b6cbcfabaa74273b972a2
	at org.openqa.selenium.remote.ErrorCodec.decode(ErrorCodec.java:169)
	at org.openqa.selenium.remote.codec.w3c.W3CHttpResponseCodec.decode(W3CHttpResponseCodec.java:142)
	at org.openqa.selenium.remote.codec.w3c.W3CHttpResponseCodec.decode(W3CHttpResponseCodec.java:49)
	at org.openqa.selenium.remote.HttpCommandExecutor.execute(HttpCommandExecutor.java:223)
	at org.openqa.selenium.remote.service.DriverCommandExecutor.invokeExecute(DriverCommandExecutor.java:216)
	at org.openqa.selenium.remote.service.DriverCommandExecutor.execute(DriverCommandExecutor.java:174)
	at org.openqa.selenium.remote.RemoteWebDriver.execute(RemoteWebDriver.java:604)
	at org.openqa.selenium.remote.ElementLocation$ElementFinder$2.findElement(ElementLocation.java:166)
	at org.openqa.selenium.remote.ElementLocation.findElement(ElementLocation.java:60)
	at org.openqa.selenium.remote.RemoteWebDriver.findElement(RemoteWebDriver.java:427)
	at org.openqa.selenium.remote.RemoteWebDriver.findElement(RemoteWebDriver.java:421)
	at org.openqa.selenium.support.pagefactory.DefaultElementLocator.findElement(DefaultElementLocator.java:68)
	at org.openqa.selenium.support.pagefactory.internal.LocatingElementHandler.invoke(LocatingElementHandler.java:38)
	at jdk.proxy2/jdk.proxy2.$Proxy30.isDisplayed(Unknown Source)
	at pageObjects.MyAccountPage.isMyAccDisplayed(MyAccountPage.java:18)
	at testCases.TC03_LoginDDP.verifyLoginDDP(TC03_LoginDDP.java:26)
	at java.base/jdk.internal.reflect.DirectMethodHandleAccessor.invoke(DirectMethodHandleAccessor.java:103)
	at java.base/java.lang.reflect.Method.invoke(Method.java:580)
	at org.testng.internal.invokers.MethodInvocationHelper.invokeMethod(MethodInvocationHelper.java:141)
	at org.testng.internal.invokers.TestInvoker.invokeMethod(TestInvoker.java:687)
	at org.testng.internal.invokers.TestInvoker.invokeTestMethod(TestInvoker.java:230)
	at org.testng.internal.invokers.MethodRunner.runInSequence(MethodRunner.java:63)
	at org.testng.internal.invokers.TestInvoker$MethodInvocationAgent.invoke(TestInvoker.java:995)
	at org.testng.internal.invokers.TestInvoker.invokeTestMethods(TestInvoker.java:203)
	at org.testng.internal.invokers.TestMethodWorker.invokeTestMethods(TestMethodWorker.java:154)
	at org.testng.internal.invokers.TestMethodWorker.run(TestMethodWorker.java:134)
	at java.base/java.util.ArrayList.forEach(ArrayList.java:1597)
	at org.testng.TestRunner.privateRun(TestRunner.java:741)
	at org.testng.TestRunner.run(TestRunner.java:616)
	at org.testng.SuiteRunner.runTest(SuiteRunner.java:421)
	at org.testng.SuiteRunner.runSequentially(SuiteRunner.java:413)
	at org.testng.SuiteRunner.privateRun(SuiteRunner.java:373)
	at org.testng.SuiteRunner.run(SuiteRunner.java:312)
	at org.testng.SuiteRunnerWorker.runSuite(SuiteRunnerWorker.java:52)
	at org.testng.SuiteRunnerWorker.run(SuiteRunnerWorker.java:95)
	at org.testng.TestNG.runSuitesSequentially(TestNG.java:1274)
	at org.testng.TestNG.runSuitesLocally(TestNG.java:1208)
	at org.testng.TestNG.runSuites(TestNG.java:1112)
	at org.testng.TestNG.run(TestNG.java:1079)
	at com.intellij.rt.testng.IDEARemoteTestNG.run(IDEARemoteTestNG.java:65)
	at com.intellij.rt.testng.RemoteTestNGStarter.main(RemoteTestNGStarter.java:105)
18:13:52.469 [main] INFO  testCases.TC03_LoginDDP - ***** Finished TC02 *****
18:13:52.474 [main] INFO  testCases.TC03_LoginDDP - ***** Starting TC02 *****
18:13:52.475 [main] INFO  testCases.TC03_LoginDDP - At Home Page...
18:13:54.311 [main] INFO  testCases.TC03_LoginDDP - ***** Finished TC02 *****
18:18:20.128 [main] INFO  testCases.TC03_LoginDDP - ***** Starting TC02 *****
18:18:20.133 [main] INFO  testCases.TC03_LoginDDP - At Home Page...
18:18:22.169 [main] INFO  testCases.TC03_LoginDDP - ***** Finished TC02 *****
18:18:22.172 [main] INFO  testCases.TC03_LoginDDP - ***** Starting TC02 *****
18:18:22.173 [main] INFO  testCases.TC03_LoginDDP - At Home Page...
18:18:32.846 [main] INFO  testCases.TC03_LoginDDP - ***** Finished TC02 *****
18:18:32.847 [main] INFO  testCases.TC03_LoginDDP - ***** Starting TC02 *****
18:18:32.848 [main] INFO  testCases.TC03_LoginDDP - At Home Page...
18:18:43.426 [main] INFO  testCases.TC03_LoginDDP - ***** Finished TC02 *****
18:18:43.428 [main] INFO  testCases.TC03_LoginDDP - ***** Starting TC02 *****
18:18:43.428 [main] INFO  testCases.TC03_LoginDDP - At Home Page...
18:18:45.331 [main] INFO  testCases.TC03_LoginDDP - ***** Finished TC02 *****
18:23:08.250 [main] INFO  testCases.TC03_LoginDDP - ***** Starting TC02 *****
18:23:08.256 [main] INFO  testCases.TC03_LoginDDP - At Home Page...
18:23:10.909 [main] INFO  testCases.TC03_LoginDDP - ***** Finished TC02 *****
18:23:10.914 [main] INFO  testCases.TC03_LoginDDP - ***** Starting TC02 *****
18:23:10.914 [main] INFO  testCases.TC03_LoginDDP - At Home Page...
18:23:21.487 [main] INFO  testCases.TC03_LoginDDP - ***** Finished TC02 *****
18:23:21.488 [main] INFO  testCases.TC03_LoginDDP - ***** Starting TC02 *****
18:23:21.488 [main] INFO  testCases.TC03_LoginDDP - At Home Page...
18:23:42.131 [main] ERROR testCases.TC03_LoginDDP - Test Failed..
org.openqa.selenium.NoSuchElementException: no such element: Unable to locate element: {"method":"xpath","selector":"//a[@class='list-group-item'][normalize-space()='Logout']"}
  (Session info: chrome=148.0.7778.168)
For documentation on this error, please visit: https://www.selenium.dev/documentation/webdriver/troubleshooting/errors#nosuchelementexception
Build info: version: '4.41.0', revision: '9fc754f'
System info: os.name: 'Windows 11', os.arch: 'amd64', os.version: '10.0', java.version: '22.0.1'
Driver info: org.openqa.selenium.chrome.ChromeDriver
Command: [85fd338379e495d644bd54ebad338e1a, findElement {using=xpath, value=//a[@class='list-group-item'][normalize-space()='Logout']}]
Capabilities {acceptInsecureCerts: false, browserName: chrome, browserVersion: 148.0.7778.168, chrome: {chromedriverVersion: 148.0.7778.178 (d096af1c9e9..., userDataDir: C:\Users\Danns\AppData\Loca...}, fedcm:accounts: true, goog:chromeOptions: {debuggerAddress: localhost:50260}, goog:processID: 38524, networkConnectionEnabled: false, pageLoadStrategy: normal, platformName: windows, proxy: Proxy(), se:cdp: ws://localhost:50260/devtoo..., se:cdpVersion: 148.0.7778.168, setWindowRect: true, strictFileInteractability: false, timeouts: {implicit: 0, pageLoad: 300000, script: 30000}, unhandledPromptBehavior: dismiss and notify, webauthn:extension:credBlob: true, webauthn:extension:largeBlob: true, webauthn:extension:minPinLength: true, webauthn:extension:prf: true, webauthn:virtualAuthenticators: true}
Session ID: 85fd338379e495d644bd54ebad338e1a
	at org.openqa.selenium.remote.ErrorCodec.decode(ErrorCodec.java:169)
	at org.openqa.selenium.remote.codec.w3c.W3CHttpResponseCodec.decode(W3CHttpResponseCodec.java:142)
	at org.openqa.selenium.remote.codec.w3c.W3CHttpResponseCodec.decode(W3CHttpResponseCodec.java:49)
	at org.openqa.selenium.remote.HttpCommandExecutor.execute(HttpCommandExecutor.java:223)
	at org.openqa.selenium.remote.service.DriverCommandExecutor.invokeExecute(DriverCommandExecutor.java:216)
	at org.openqa.selenium.remote.service.DriverCommandExecutor.execute(DriverCommandExecutor.java:174)
	at org.openqa.selenium.remote.RemoteWebDriver.execute(RemoteWebDriver.java:604)
	at org.openqa.selenium.remote.ElementLocation$ElementFinder$2.findElement(ElementLocation.java:166)
	at org.openqa.selenium.remote.ElementLocation.findElement(ElementLocation.java:60)
	at org.openqa.selenium.remote.RemoteWebDriver.findElement(RemoteWebDriver.java:427)
	at org.openqa.selenium.remote.RemoteWebDriver.findElement(RemoteWebDriver.java:421)
	at org.openqa.selenium.support.pagefactory.DefaultElementLocator.findElement(DefaultElementLocator.java:68)
	at org.openqa.selenium.support.pagefactory.internal.LocatingElementHandler.invoke(LocatingElementHandler.java:38)
	at jdk.proxy2/jdk.proxy2.$Proxy30.click(Unknown Source)
	at pageObjects.MyAccountPage.clickLogout(MyAccountPage.java:25)
	at testCases.TC03_LoginDDP.verifyLoginDDP(TC03_LoginDDP.java:30)
	at java.base/jdk.internal.reflect.DirectMethodHandleAccessor.invoke(DirectMethodHandleAccessor.java:103)
	at java.base/java.lang.reflect.Method.invoke(Method.java:580)
	at org.testng.internal.invokers.MethodInvocationHelper.invokeMethod(MethodInvocationHelper.java:141)
	at org.testng.internal.invokers.TestInvoker.invokeMethod(TestInvoker.java:687)
	at org.testng.internal.invokers.TestInvoker.invokeTestMethod(TestInvoker.java:230)
	at org.testng.internal.invokers.MethodRunner.runInSequence(MethodRunner.java:63)
	at org.testng.internal.invokers.TestInvoker$MethodInvocationAgent.invoke(TestInvoker.java:995)
	at org.testng.internal.invokers.TestInvoker.invokeTestMethods(TestInvoker.java:203)
	at org.testng.internal.invokers.TestMethodWorker.invokeTestMethods(TestMethodWorker.java:154)
	at org.testng.internal.invokers.TestMethodWorker.run(TestMethodWorker.java:134)
	at java.base/java.util.ArrayList.forEach(ArrayList.java:1597)
	at org.testng.TestRunner.privateRun(TestRunner.java:741)
	at org.testng.TestRunner.run(TestRunner.java:616)
	at org.testng.SuiteRunner.runTest(SuiteRunner.java:421)
	at org.testng.SuiteRunner.runSequentially(SuiteRunner.java:413)
	at org.testng.SuiteRunner.privateRun(SuiteRunner.java:373)
	at org.testng.SuiteRunner.run(SuiteRunner.java:312)
	at org.testng.SuiteRunnerWorker.runSuite(SuiteRunnerWorker.java:52)
	at org.testng.SuiteRunnerWorker.run(SuiteRunnerWorker.java:95)
	at org.testng.TestNG.runSuitesSequentially(TestNG.java:1274)
	at org.testng.TestNG.runSuitesLocally(TestNG.java:1208)
	at org.testng.TestNG.runSuites(TestNG.java:1112)
	at org.testng.TestNG.run(TestNG.java:1079)
	at com.intellij.rt.testng.IDEARemoteTestNG.run(IDEARemoteTestNG.java:65)
	at com.intellij.rt.testng.RemoteTestNGStarter.main(RemoteTestNGStarter.java:105)
18:23:42.141 [main] INFO  testCases.TC03_LoginDDP - ***** Finished TC02 *****
18:23:42.159 [main] INFO  testCases.TC03_LoginDDP - ***** Starting TC02 *****
18:23:42.159 [main] INFO  testCases.TC03_LoginDDP - At Home Page...
18:23:43.548 [main] INFO  testCases.TC03_LoginDDP - ***** Finished TC02 *****
18:25:14.149 [main] INFO  testCases.TC03_LoginDDP - ***** Starting TC02 *****
18:25:14.153 [main] INFO  testCases.TC03_LoginDDP - At Home Page...
18:25:16.906 [main] INFO  testCases.TC03_LoginDDP - ***** Finished TC02 *****
18:25:16.910 [main] INFO  testCases.TC03_LoginDDP - ***** Starting TC02 *****
18:25:16.910 [main] INFO  testCases.TC03_LoginDDP - At Home Page...
18:25:27.446 [main] INFO  testCases.TC03_LoginDDP - ***** Finished TC02 *****
18:25:27.447 [main] INFO  testCases.TC03_LoginDDP - ***** Starting TC02 *****
18:25:27.447 [main] INFO  testCases.TC03_LoginDDP - At Home Page...
18:25:38.034 [main] INFO  testCases.TC03_LoginDDP - ***** Finished TC02 *****
18:25:38.043 [main] INFO  testCases.TC03_LoginDDP - ***** Starting TC02 *****
18:25:38.043 [main] INFO  testCases.TC03_LoginDDP - At Home Page...
18:25:39.583 [main] INFO  testCases.TC03_LoginDDP - ***** Finished TC02 *****
19:10:41.667 [main] INFO  testCases.TC03_LoginDDP - ***** Starting TC02 *****
19:10:41.672 [main] INFO  testCases.TC03_LoginDDP - At Home Page...
19:10:45.204 [main] INFO  testCases.TC03_LoginDDP - ***** Finished TC02 *****
19:10:45.210 [main] INFO  testCases.TC03_LoginDDP - ***** Starting TC02 *****
19:10:45.210 [main] INFO  testCases.TC03_LoginDDP - At Home Page...
19:10:56.350 [main] INFO  testCases.TC03_LoginDDP - ***** Finished TC02 *****
19:10:56.351 [main] INFO  testCases.TC03_LoginDDP - ***** Starting TC02 *****
19:10:56.351 [main] INFO  testCases.TC03_LoginDDP - At Home Page...
19:11:06.949 [main] INFO  testCases.TC03_LoginDDP - ***** Finished TC02 *****
19:11:06.959 [main] INFO  testCases.TC03_LoginDDP - ***** Starting TC02 *****
19:11:06.959 [main] INFO  testCases.TC03_LoginDDP - At Home Page...
19:11:08.542 [main] INFO  testCases.TC03_LoginDDP - ***** Finished TC02 *****
19:11:36.932 [main] INFO  testCases.TC02_Login - ***** Starting TC02 *****
19:11:36.936 [main] INFO  testCases.TC02_Login - At Home Page...
19:11:38.852 [main] INFO  testCases.TC02_Login - ***** Finished TC02 *****
19:11:42.781 [main] INFO  testCases.TC03_LoginDDP - ***** Starting TC02 *****
19:11:42.781 [main] INFO  testCases.TC03_LoginDDP - At Home Page...
19:11:44.742 [main] INFO  testCases.TC03_LoginDDP - ***** Finished TC02 *****
19:11:44.745 [main] INFO  testCases.TC03_LoginDDP - ***** Starting TC02 *****
19:11:44.746 [main] INFO  testCases.TC03_LoginDDP - At Home Page...
19:11:55.995 [main] INFO  testCases.TC03_LoginDDP - ***** Finished TC02 *****
19:11:55.997 [main] INFO  testCases.TC03_LoginDDP - ***** Starting TC02 *****
19:11:55.997 [main] INFO  testCases.TC03_LoginDDP - At Home Page...
19:12:06.630 [main] INFO  testCases.TC03_LoginDDP - ***** Finished TC02 *****
19:12:06.639 [main] INFO  testCases.TC03_LoginDDP - ***** Starting TC02 *****
19:12:06.639 [main] INFO  testCases.TC03_LoginDDP - At Home Page...
19:12:08.437 [main] INFO  testCases.TC03_LoginDDP - ***** Finished TC02 *****
19:13:03.249 [main] INFO  testCases.TC01_Registration - ***** Starting TC01 *****
19:13:03.251 [main] INFO  testCases.TC01_Registration - At Home Page...
19:13:03.731 [main] INFO  testCases.TC01_Registration - Starting Registration process...
19:13:05.712 [main] INFO  testCases.TC01_Registration - Validating message...
19:13:05.746 [main] INFO  testCases.TC01_Registration - ***** Finished Execution TC01 *****
19:13:07.729 [main] INFO  testCases.TC02_Login - ***** Starting TC02 *****
19:13:07.730 [main] INFO  testCases.TC02_Login - At Home Page...
19:13:09.797 [main] INFO  testCases.TC02_Login - ***** Finished TC02 *****
20:05:33.178 [main] INFO  testCases.TC01_Registration - ***** Starting TC01 *****
20:05:33.180 [main] INFO  testCases.TC01_Registration - At Home Page...
20:05:33.624 [main] INFO  testCases.TC01_Registration - Starting Registration process...
20:05:35.351 [main] INFO  testCases.TC01_Registration - Validating message...
20:05:35.386 [main] INFO  testCases.TC01_Registration - Your Account Has Been Created!
20:05:35.390 [main] INFO  testCases.TC01_Registration - ***** Finished Execution TC01 *****
20:05:37.432 [main] INFO  testCases.TC02_Login - ***** Starting TC02 *****
20:05:37.432 [main] INFO  testCases.TC02_Login - At Home Page...
20:05:39.302 [main] INFO  testCases.TC02_Login - ***** Finished TC02 *****
20:05:43.274 [main] INFO  testCases.TC03_LoginDDP - ***** Starting TC02 *****
20:05:43.274 [main] INFO  testCases.TC03_LoginDDP - At Home Page...
20:05:45.325 [main] INFO  testCases.TC03_LoginDDP - ***** Finished TC02 *****
20:05:45.327 [main] INFO  testCases.TC03_LoginDDP - ***** Starting TC02 *****
20:05:45.327 [main] INFO  testCases.TC03_LoginDDP - At Home Page...
20:05:56.047 [main] INFO  testCases.TC03_LoginDDP - ***** Finished TC02 *****
20:05:56.048 [main] INFO  testCases.TC03_LoginDDP - ***** Starting TC02 *****
20:05:56.048 [main] INFO  testCases.TC03_LoginDDP - At Home Page...
20:06:06.621 [main] INFO  testCases.TC03_LoginDDP - ***** Finished TC02 *****
20:06:06.738 [main] INFO  testCases.TC03_LoginDDP - ***** Starting TC02 *****
20:06:06.738 [main] INFO  testCases.TC03_LoginDDP - At Home Page...
20:06:08.507 [main] INFO  testCases.TC03_LoginDDP - ***** Finished TC02 *****
20:07:25.742 [main] INFO  testCases.TC01_Registration - ***** Starting TC01 *****
20:07:25.745 [main] INFO  testCases.TC01_Registration - At Home Page...
20:07:26.374 [main] INFO  testCases.TC01_Registration - Starting Registration process...
20:07:27.060 [main] INFO  testCases.TC01_Registration - Validating message...
20:07:28.032 [main] INFO  testCases.TC01_Registration - Your Account Has Been Created!
20:07:28.035 [main] INFO  testCases.TC01_Registration - ***** Finished Execution TC01 *****
20:07:29.922 [main] INFO  testCases.TC02_Login - ***** Starting TC02 *****
20:07:29.922 [main] INFO  testCases.TC02_Login - At Home Page...
20:07:31.806 [main] INFO  testCases.TC02_Login - ***** Finished TC02 *****
20:07:36.203 [main] INFO  testCases.TC03_LoginDDP - ***** Starting TC02 *****
20:07:36.203 [main] INFO  testCases.TC03_LoginDDP - At Home Page...
